% /home/texlive/karl/Master/texmf-dist/fonts/map/dvipdfmx/updmap/kanjix.map:
% maintained by updmap[-sys] (multi).
% Don't change this file directly. Use updmap[-sys] instead.
% See the updmap documentation.
% A log of the run that created this file is available here:
% /tmp/umap-var/web2c/updmap.log
% morisawa.map
futogo-b H FutoGoB101-Bold
futogo-b-v V FutoGoB101-Bold
futomin-b H FutoMinA101-Bold
futomin-b-v V FutoMinA101-Bold
gtbbb-m H GothicBBB-Medium
gtbbb-m-v V GothicBBB-Medium
jun101-l H Jun101-Light
jun101-l-v V Jun101-Light
ryumin-l H Ryumin-Light
ryumin-l-v V Ryumin-Light
% otf-cktx.map
otf-ccgr-h Identity-H STHeiti-Regular
otf-ccgr-v Identity-V STHeiti-Regular
otf-ccmr-h Identity-H STSong-Light
otf-ccmr-v Identity-V STSong-Light
otf-ckgr-h Identity-H HYGoThic-Medium
otf-ckgr-v Identity-V HYGoThic-Medium
otf-ckmr-h Identity-H HYSMyeongJo-Medium
otf-ckmr-v Identity-V HYSMyeongJo-Medium
otf-ctgr-h Identity-H MHei-Medium
otf-ctgr-v Identity-V MHei-Medium
otf-ctmr-h Identity-H MSung-Light
otf-ctmr-v Identity-V MSung-Light
otf-ucgr-h UniGB-UCS2-H STHeiti-Regular
otf-ucgr-v UniGB-UCS2-V STHeiti-Regular
otf-ucmr-h UniGB-UCS2-H STSong-Light
otf-ucmr-v UniGB-UCS2-V STSong-Light
otf-ukgr-h UniKS-UCS2-H HYGoThic-Medium
otf-ukgr-v UniKS-UCS2-V HYGoThic-Medium
otf-ukmr-h UniKS-UCS2-H HYSMyeongJo-Medium
otf-ukmr-v UniKS-UCS2-V HYSMyeongJo-Medium
otf-utgr-h UniCNS-UCS2-H MHei-Medium
otf-utgr-v UniCNS-UCS2-V MHei-Medium
otf-utmr-h UniCNS-UCS2-H MSung-Light
otf-utmr-v UniCNS-UCS2-V MSung-Light
% otf-noEmbed.map
hgothb-h H !GothicBBB-Medium,Bold
hgothb-v V !GothicBBB-Medium,Bold
hgothbn-h H !GothicBBB-Medium,Bold
hgothbn-v V !GothicBBB-Medium,Bold
hgotheb-h H !GothicBBB-Medium,Bold
hgotheb-v V !GothicBBB-Medium,Bold
hgothebn-h H !GothicBBB-Medium,Bold
hgothebn-v V !GothicBBB-Medium,Bold
hgothr-h H !GothicBBB-Medium
hgothr-v V !GothicBBB-Medium
hgothrn-h H !GothicBBB-Medium
hgothrn-v V !GothicBBB-Medium
hmgothr-h H !GothicBBB-Medium
hmgothr-v V !GothicBBB-Medium
hmgothrn-h H !GothicBBB-Medium
hmgothrn-v V !GothicBBB-Medium
hminb-h H !Ryumin-Light,Bold
hminb-v V !Ryumin-Light,Bold
hminbn-h H !Ryumin-Light,Bold
hminbn-v V !Ryumin-Light,Bold
hminl-h H !Ryumin-Light
hminl-v V !Ryumin-Light
hminln-h H !Ryumin-Light
hminln-v V !Ryumin-Light
hminr-h H !Ryumin-Light
hminr-v V !Ryumin-Light
hminrn-h H !Ryumin-Light
hminrn-v V !Ryumin-Light
otf-cjgb-h Identity-H !GothicBBB-Medium,Bold
otf-cjgb-v Identity-V !GothicBBB-Medium,Bold
otf-cjge-h Identity-H !GothicBBB-Medium,Bold
otf-cjge-v Identity-V !GothicBBB-Medium,Bold
otf-cjgr-h Identity-H !GothicBBB-Medium
otf-cjgr-v Identity-V !GothicBBB-Medium
otf-cjmb-h Identity-H !Ryumin-Light,Bold
otf-cjmb-v Identity-V !Ryumin-Light,Bold
otf-cjmgr-h Identity-H !GothicBBB-Medium
otf-cjmgr-v Identity-V !GothicBBB-Medium
otf-cjml-h Identity-H !Ryumin-Light
otf-cjml-v Identity-V !Ryumin-Light
otf-cjmr-h Identity-H !Ryumin-Light
otf-cjmr-v Identity-V !Ryumin-Light
otf-ujgb-h UniJIS-UTF16-H !GothicBBB-Medium,Bold
otf-ujgb-v UniJIS-UTF16-V !GothicBBB-Medium,Bold
otf-ujgbn-h UniJIS2004-UTF16-H !GothicBBB-Medium,Bold
otf-ujgbn-v UniJIS2004-UTF16-V !GothicBBB-Medium,Bold
otf-ujge-h UniJIS-UTF16-H !GothicBBB-Medium,Bold
otf-ujge-v UniJIS-UTF16-V !GothicBBB-Medium,Bold
otf-ujgen-h UniJIS2004-UTF16-H !GothicBBB-Medium,Bold
otf-ujgen-v UniJIS2004-UTF16-V !GothicBBB-Medium,Bold
otf-ujgr-h UniJIS-UTF16-H !GothicBBB-Medium
otf-ujgr-v UniJIS-UTF16-V !GothicBBB-Medium
otf-ujgrn-h UniJIS2004-UTF16-H !GothicBBB-Medium
otf-ujgrn-v UniJIS2004-UTF16-V !GothicBBB-Medium
otf-ujmb-h UniJIS-UTF16-H !Ryumin-Light,Bold
otf-ujmb-v UniJIS-UTF16-V !Ryumin-Light,Bold
otf-ujmbn-h UniJIS2004-UTF16-H !Ryumin-Light,Bold
otf-ujmbn-v UniJIS2004-UTF16-V !Ryumin-Light,Bold
otf-ujmgr-h UniJIS-UTF16-H !GothicBBB-Medium
otf-ujmgr-v UniJIS-UTF16-V !GothicBBB-Medium
otf-ujmgrn-h UniJIS2004-UTF16-H !GothicBBB-Medium
otf-ujmgrn-v UniJIS2004-UTF16-V !GothicBBB-Medium
otf-ujml-h UniJIS-UTF16-H !Ryumin-Light
otf-ujml-v UniJIS-UTF16-V !Ryumin-Light
otf-ujmln-h UniJIS2004-UTF16-H !Ryumin-Light
otf-ujmln-v UniJIS2004-UTF16-V !Ryumin-Light
otf-ujmr-h UniJIS-UTF16-H !Ryumin-Light
otf-ujmr-v UniJIS-UTF16-V !Ryumin-Light
otf-ujmrn-h UniJIS2004-UTF16-H !Ryumin-Light
otf-ujmrn-v UniJIS2004-UTF16-V !Ryumin-Light
% otf-up-noEmbed.map
uphgothb-h UniJIS-UTF16-H !GothicBBB-Medium,Bold
uphgothb-v UniJIS-UTF16-V !GothicBBB-Medium,Bold
uphgothbn-h UniJIS2004-UTF16-H !GothicBBB-Medium,Bold
uphgothbn-v UniJIS2004-UTF16-V !GothicBBB-Medium,Bold
uphgotheb-h UniJIS-UTF16-H !GothicBBB-Medium,Bold
uphgotheb-v UniJIS-UTF16-V !GothicBBB-Medium,Bold
uphgothebn-h UniJIS2004-UTF16-H !GothicBBB-Medium,Bold
uphgothebn-v UniJIS2004-UTF16-V !GothicBBB-Medium,Bold
uphgothr-h UniJIS-UTF16-H !GothicBBB-Medium
uphgothr-v UniJIS-UTF16-V !GothicBBB-Medium
uphgothrn-h UniJIS2004-UTF16-H !GothicBBB-Medium
uphgothrn-v UniJIS2004-UTF16-V !GothicBBB-Medium
uphmgothr-h UniJIS-UTF16-H !GothicBBB-Medium
uphmgothr-v UniJIS-UTF16-V !GothicBBB-Medium
uphmgothrn-h UniJIS2004-UTF16-H !GothicBBB-Medium
uphmgothrn-v UniJIS2004-UTF16-V !GothicBBB-Medium
uphminb-h UniJIS-UTF16-H !Ryumin-Light,Bold
uphminb-v UniJIS-UTF16-V !Ryumin-Light,Bold
uphminbn-h UniJIS2004-UTF16-H !Ryumin-Light,Bold
uphminbn-v UniJIS2004-UTF16-V !Ryumin-Light,Bold
uphminl-h UniJIS-UTF16-H !Ryumin-Light
uphminl-v UniJIS-UTF16-V !Ryumin-Light
uphminln-h UniJIS2004-UTF16-H !Ryumin-Light
uphminln-v UniJIS2004-UTF16-V !Ryumin-Light
uphminr-h UniJIS-UTF16-H !Ryumin-Light
uphminr-v UniJIS-UTF16-V !Ryumin-Light
uphminrn-h UniJIS2004-UTF16-H !Ryumin-Light
uphminrn-v UniJIS2004-UTF16-V !Ryumin-Light
% ptex-noEmbed.map
gbm H !GothicBBB-Medium
gbmv V !GothicBBB-Medium
rml H !Ryumin-Light
rmlv V !Ryumin-Light
% uptex-noEmbed.map
ugbm UniJIS-UTF16-H !GothicBBB-Medium
ugbmv UniJIS-UTF16-V !GothicBBB-Medium
upgbm-h UniJIS-UTF16-H !GothicBBB-Medium
upgbm-hq UniJIS-UCS2-H !GothicBBB-Medium
upgbm-v UniJIS-UTF16-V !GothicBBB-Medium
uprml-h UniJIS-UTF16-H !Ryumin-Light
uprml-hq UniJIS-UCS2-H !Ryumin-Light
uprml-v UniJIS-UTF16-V !Ryumin-Light
urml UniJIS-UTF16-H !Ryumin-Light
urmlv UniJIS-UTF16-V !Ryumin-Light
