% Copyright (c) 2009 American Mathematical Society (<http://www.ams.org>).
% This Font Software is licensed under the SIL Open Font License, Version 1.1.
% This license is in the accompanying file OFL.txt, and is also
% available with a FAQ at: http://scripts.sil.org/OFL.

cmb10    CMB10    <cmb10.pfb
cmbsy10  CMBSY10  <cmbsy10.pfb
cmbx5    CMBX5    <cmbx5.pfb
cmbx6    CMBX6    <cmbx6.pfb
cmbx7    CMBX7    <cmbx7.pfb
cmbx8    CMBX8    <cmbx8.pfb
cmbx9    CMBX9    <cmbx9.pfb
cmbx10   CMBX10   <cmbx10.pfb
cmbx12   CMBX12   <cmbx12.pfb
cmbxsl10 CMBXSL10 <cmbxsl10.pfb
cmbxti10 CMBXTI10 <cmbxti10.pfb
cmcsc10  CMCSC10  <cmcsc10.pfb
cmdunh10 CMDUNH10 <cmdunh10.pfb
cmex9    CMEX9    <cmex9.pfb
cmex10   CMEX10   <cmex10.pfb
cmff10   CMFF10   <cmff10.pfb
cmfi10   CMFI10   <cmfi10.pfb
cmfib8   CMFIB8   <cmfib8.pfb
cminch   CMINCH   <cminch.pfb
cmitt10  CMITT10  <cmitt10.pfb
cmmi5    CMMI5    <cmmi5.pfb
cmmi6    CMMI6    <cmmi6.pfb
cmmi7    CMMI7    <cmmi7.pfb
cmmi8    CMMI8    <cmmi8.pfb
cmmi9    CMMI9    <cmmi9.pfb
cmmi10   CMMI10   <cmmi10.pfb
cmmi12   CMMI12   <cmmi12.pfb
cmmib10  CMMIB10  <cmmib10.pfb
cmr5     CMR5     <cmr5.pfb
cmr6     CMR6     <cmr6.pfb
cmr7     CMR7     <cmr7.pfb
cmr8     CMR8     <cmr8.pfb
cmr9     CMR9     <cmr9.pfb
cmr10    CMR10    <cmr10.pfb
cmr12    CMR12    <cmr12.pfb
cmr17    CMR17    <cmr17.pfb
cmsl8    CMSL8    <cmsl8.pfb
cmsl9    CMSL9    <cmsl9.pfb
cmsl10   CMSL10   <cmsl10.pfb
cmsl12   CMSL12   <cmsl12.pfb
cmsltt10 CMSLTT10 <cmsltt10.pfb
cmss8    CMSS8    <cmss8.pfb
cmss9    CMSS9    <cmss9.pfb
cmss10   CMSS10   <cmss10.pfb
cmss12   CMSS12   <cmss12.pfb
cmss17   CMSS17   <cmss17.pfb
cmssbx10 CMSSBX10 <cmssbx10.pfb
cmssdc10 CMSSDC10 <cmssdc10.pfb
cmssi8   CMSSI8   <cmssi8.pfb
cmssi9   CMSSI9   <cmssi9.pfb
cmssi10  CMSSI10  <cmssi10.pfb
cmssi12  CMSSI12  <cmssi12.pfb
cmssi17  CMSSI17  <cmssi17.pfb
cmssq8   CMSSQ8   <cmssq8.pfb
cmssqi8  CMSSQI8  <cmssqi8.pfb
cmsy5    CMSY5    <cmsy5.pfb
cmsy6    CMSY6    <cmsy6.pfb
cmsy7    CMSY7    <cmsy7.pfb
cmsy8    CMSY8    <cmsy8.pfb
cmsy9    CMSY9    <cmsy9.pfb
cmsy10   CMSY10   <cmsy10.pfb
cmtcsc10 CMTCSC10 <cmtcsc10.pfb
cmtex8   CMTEX8   <cmtex8.pfb
cmtex9   CMTEX9   <cmtex9.pfb
cmtex10  CMTEX10  <cmtex10.pfb
cmti7    CMTI7    <cmti7.pfb
cmti8    CMTI8    <cmti8.pfb
cmti9    CMTI9    <cmti9.pfb
cmti10   CMTI10   <cmti10.pfb
cmti12   CMTI12   <cmti12.pfb
cmtt8    CMTT8    <cmtt8.pfb
cmtt9    CMTT9    <cmtt9.pfb
cmtt10   CMTT10   <cmtt10.pfb
cmtt12   CMTT12   <cmtt12.pfb
cmu10    CMU10    <cmu10.pfb
cmvtt10  CMVTT10  <cmvtt10.pfb
