% Copyright (c) 2009 American Mathematical Society (<http://www.ams.org>).
% This Font Software is licensed under the SIL Open Font License, Version 1.1.
% This license is in the accompanying file OFL.txt, and is also
% available with a FAQ at: http://scripts.sil.org/OFL.

euex10 EUEX10 <euex10.pfb
euex7  EUEX7  <euex7.pfb
euex8  EUEX8  <euex8.pfb
euex9  EUEX9  <euex9.pfb

eufb10 EUFB10 <eufb10.pfb
eufb5  EUFB5  <eufb5.pfb
eufb7  EUFB7  <eufb7.pfb

eufm10 EUFM10 <eufm10.pfb
eufm5  EUFM5  <eufm5.pfb
eufm7  EUFM7  <eufm7.pfb

eurb10 EURB10 <eurb10.pfb
eurb5  EURB5  <eurb5.pfb
eurb7  EURB7  <eurb7.pfb

eurm10 EURM10 <eurm10.pfb
eurm5  EURM5  <eurm5.pfb
eurm7  EURM7  <eurm7.pfb

eusb10 EUSB10 <eusb10.pfb
eusb5  EUSB5  <eusb5.pfb
eusb7  EUSB7  <eusb7.pfb

eusm10 EUSM10 <eusm10.pfb
eusm5  EUSM5  <eusm5.pfb
eusm7  EUSM7  <eusm7.pfb

% The 6, 8 and 9 point sizes of the Euler alphabetic fonts no longer
% have independent implementations and exist only as TFM files, which
% have to be retained for compatibility with DVI files created with
% previous versions of the Euler fonts.  So, we continue supporting
% them via the following substitutions.

eufb6  EUFB7  <eufb7.pfb
eufb8  EUFB7  <eufb7.pfb
eufb9  EUFB10 <eufb10.pfb

eufm6  EUFM7  <eufm7.pfb
eufm8  EUFM7  <eufm7.pfb
eufm9  EUFM10 <eufm10.pfb

eurb6  EURB7  <eurb7.pfb
eurb8  EURB7  <eurb7.pfb
eurb9  EURB10 <eurb10.pfb

eurm6  EURM7  <eurm7.pfb
eurm8  EURM7  <eurm7.pfb
eurm9  EURM10 <eurm10.pfb

eusb6  EUSB7  <eusb7.pfb
eusb8  EUSB7  <eusb7.pfb
eusb9  EUSB10 <eusb10.pfb

eusm6  EUSM7  <eusm7.pfb
eusm8  EUSM7  <eusm7.pfb
eusm9  EUSM10 <eusm10.pfb
