% $Id: dvips35.map 31860 2013-10-08 00:30:10Z karl $
% Thomas Esser, 2002, public domain.
% Purpose: LW35 fonts with dvips specifics.  This file is used by updmap.
% Use Adobe names for everything, no downloads.

%  Avant Garde
pagd8g   AvantGarde-Demi        "groffencoding ReEncodeFont" <groff.enc
pagdo8g  AvantGarde-DemiOblique "groffencoding ReEncodeFont" <groff.enc
pagk8g   AvantGarde-Book        "groffencoding ReEncodeFont" <groff.enc
pagko8g  AvantGarde-BookOblique "groffencoding ReEncodeFont" <groff.enc
%
pagd8r AvantGarde-Demi "TeXBase1Encoding ReEncodeFont" <8r.enc
pagdo8r AvantGarde-DemiOblique "TeXBase1Encoding ReEncodeFont" <8r.enc
pagk8r AvantGarde-Book "TeXBase1Encoding ReEncodeFont" <8r.enc
pagko8r AvantGarde-BookOblique "TeXBase1Encoding ReEncodeFont" <8r.enc
%
pagd8y AvantGarde-Demi "TeXnANSIEncoding ReEncodeFont" <texnansi.enc 
pagdo8y AvantGarde-DemiOblique "TeXnANSIEncoding ReEncodeFont" <texnansi.enc 
pagk8y AvantGarde-Book "TeXnANSIEncoding ReEncodeFont" <texnansi.enc 
pagko8y AvantGarde-BookOblique "TeXnANSIEncoding ReEncodeFont" <texnansi.enc 
%
pagk8z   AvantGarde-Book        "XL2encoding ReEncodeFont" <xl2.enc
pagko8z  AvantGarde-BookOblique "XL2encoding ReEncodeFont" <xl2.enc
pagd8z   AvantGarde-Demi        "XL2encoding ReEncodeFont" <xl2.enc
pagdo8z  AvantGarde-DemiOblique "XL2encoding ReEncodeFont" <xl2.enc

%  Bookman
pbkd8g    Bookman-Demi        "groffencoding ReEncodeFont" <groff.enc
pbkdi8g   Bookman-DemiItalic  "groffencoding ReEncodeFont" <groff.enc
pbkl8g    Bookman-Light       "groffencoding ReEncodeFont" <groff.enc
pbkli8g   Bookman-LightItalic "groffencoding ReEncodeFont" <groff.enc
%
pbkd8r Bookman-Demi "TeXBase1Encoding ReEncodeFont" <8r.enc
pbkdi8r Bookman-DemiItalic "TeXBase1Encoding ReEncodeFont" <8r.enc
pbkdo8r Bookman-Demi ".167 SlantFont TeXBase1Encoding ReEncodeFont" <8r.enc
pbkl8r Bookman-Light "TeXBase1Encoding ReEncodeFont" <8r.enc
pbkli8r Bookman-LightItalic "TeXBase1Encoding ReEncodeFont" <8r.enc
pbklo8r Bookman-Light ".167 SlantFont TeXBase1Encoding ReEncodeFont" <8r.enc
%
pbkd8y Bookman-Demi "TeXnANSIEncoding ReEncodeFont" <texnansi.enc 
pbkdi8y Bookman-DemiItalic "TeXnANSIEncoding ReEncodeFont" <texnansi.enc 
pbkl8y Bookman-Light "TeXnANSIEncoding ReEncodeFont" <texnansi.enc 
pbkli8y Bookman-LightItalic "TeXnANSIEncoding ReEncodeFont" <texnansi.enc 
pbkdo8y Bookman-Demi ".167 SlantFont TeXnANSIEncoding ReEncodeFont" <texnansi.enc
pbklo8y Bookman-Light ".167 SlantFont TeXnANSIEncoding ReEncodeFont" <texnansi.enc
%
pbkd8z    Bookman-Demi        "XL2encoding ReEncodeFont" <xl2.enc
pbkdi8z   Bookman-DemiItalic  "XL2encoding ReEncodeFont" <xl2.enc
pbkl8z    Bookman-Light       "XL2encoding ReEncodeFont" <xl2.enc
pbkli8z   Bookman-LightItalic "XL2encoding ReEncodeFont" <xl2.enc

%  Courier
pcrb8g   Courier-Bold        "groffencoding ReEncodeFont" <groff.enc
pcrbo8g  Courier-BoldOblique "groffencoding ReEncodeFont" <groff.enc
pcrr8g   Courier             "groffencoding ReEncodeFont" <groff.enc
pcrro8g  Courier-Oblique     "groffencoding ReEncodeFont" <groff.enc
%
pcrb8r Courier-Bold "TeXBase1Encoding ReEncodeFont" <8r.enc
pcrbo8r Courier-BoldOblique "TeXBase1Encoding ReEncodeFont" <8r.enc
pcrr8r Courier "TeXBase1Encoding ReEncodeFont" <8r.enc
pcrr8rn Courier ".85 ExtendFont TeXBase1Encoding ReEncodeFont" <8r.enc
pcrro8r Courier-Oblique "TeXBase1Encoding ReEncodeFont" <8r.enc
%
pcrb8y Courier-Bold "TeXnANSIEncoding ReEncodeFont" <texnansi.enc 
pcrbo8y Courier-BoldOblique "TeXnANSIEncoding ReEncodeFont" <texnansi.enc 
pcrr8y Courier "TeXnANSIEncoding ReEncodeFont" <texnansi.enc 
pcrro8y Courier-Oblique "TeXnANSIEncoding ReEncodeFont" <texnansi.enc 
%
pcrb8u    Courier-Bold        "XT2encoding ReEncodeFont" <xt2.enc
pcrbo8u   Courier-BoldOblique "XT2encoding ReEncodeFont" <xt2.enc
pcrro8u   Courier-Oblique     "XT2encoding ReEncodeFont" <xt2.enc
pcrr8u    Courier             "XT2encoding ReEncodeFont" <xt2.enc
% Y&Y:
cob       Courier-Bold        "TeXnANSIEncoding ReEncodeFont" <texnansi.enc
cobo      Courier-BoldOblique "TeXnANSIEncoding ReEncodeFont" <texnansi.enc
com       Courier             "TeXnANSIEncoding ReEncodeFont" <texnansi.enc
coo       Courier-Oblique     "TeXnANSIEncoding ReEncodeFont" <texnansi.enc

%  Helvetica
phvb8g   Helvetica-Bold        "groffencoding ReEncodeFont" <groff.enc
phvbo8g  Helvetica-BoldOblique "groffencoding ReEncodeFont" <groff.enc
phvr8g   Helvetica             "groffencoding ReEncodeFont" <groff.enc
phvro8g  Helvetica-Oblique     "groffencoding ReEncodeFont" <groff.enc
%
phvb8r Helvetica-Bold "TeXBase1Encoding ReEncodeFont" <8r.enc
phvbo8r Helvetica-BoldOblique "TeXBase1Encoding ReEncodeFont" <8r.enc
phvr8r Helvetica "TeXBase1Encoding ReEncodeFont" <8r.enc
phvro8r Helvetica-Oblique "TeXBase1Encoding ReEncodeFont" <8r.enc
%
phvb8y Helvetica-Bold "TeXnANSIEncoding ReEncodeFont" <texnansi.enc 
phvbo8y Helvetica-BoldOblique "TeXnANSIEncoding ReEncodeFont" <texnansi.enc 
phvr8y Helvetica "TeXnANSIEncoding ReEncodeFont" <texnansi.enc 
phvro8y Helvetica-Oblique "TeXnANSIEncoding ReEncodeFont" <texnansi.enc 
%
phvb8z    Helvetica-Bold        "XL2encoding ReEncodeFont" <xl2.enc
phvbo8z   Helvetica-BoldOblique "XL2encoding ReEncodeFont" <xl2.enc
phvro8z   Helvetica-Oblique     "XL2encoding ReEncodeFont" <xl2.enc
phvr8z    Helvetica             "XL2encoding ReEncodeFont" <xl2.enc
% Y&Y:
hv   Helvetica             "TeXnANSIEncoding ReEncodeFont" <texnansi.enc
hvb  Helvetica-Bold        "TeXnANSIEncoding ReEncodeFont" <texnansi.enc
hvbo Helvetica-BoldOblique "TeXnANSIEncoding ReEncodeFont" <texnansi.enc
hvo  Helvetica-Oblique     "TeXnANSIEncoding ReEncodeFont" <texnansi.enc

%  Helvetica-Narrow
phvbn8g  Helvetica-Narrow-Bold        "groffencoding ReEncodeFont" <groff.enc
phvbon8g Helvetica-Narrow-BoldOblique "groffencoding ReEncodeFont" <groff.enc
phvrn8g  Helvetica-Narrow             "groffencoding ReEncodeFont" <groff.enc
phvron8g Helvetica-Narrow-Oblique     "groffencoding ReEncodeFont" <groff.enc
%
phvb8rn  Helvetica-Narrow-Bold        "TeXBase1Encoding ReEncodeFont" <8r.enc
phvbo8rn Helvetica-Narrow-BoldOblique "TeXBase1Encoding ReEncodeFont" <8r.enc
phvr8rn  Helvetica-Narrow             "TeXBase1Encoding ReEncodeFont" <8r.enc
phvro8rn Helvetica-Narrow-Oblique     "TeXBase1Encoding ReEncodeFont" <8r.enc
%
phvb8yn  Helvetica-Narrow-Bold        "TeXnANSIEncoding ReEncodeFont" <texnansi.enc 
phvbo8yn Helvetica-Narrow-BoldOblique "TeXnANSIEncoding ReEncodeFont" <texnansi.enc 
phvr8yn  Helvetica-Narrow             "TeXnANSIEncoding ReEncodeFont" <texnansi.enc 
phvro8yn Helvetica-Narrow-Oblique     "TeXnANSIEncoding ReEncodeFont" <texnansi.enc 
%
phvbn8z  Helvetica-Narrow-Bold        "XL2encoding ReEncodeFont" <xl2.enc
phvbon8z Helvetica-Narrow-BoldOblique "XL2encoding ReEncodeFont" <xl2.enc
phvron8z Helvetica-Narrow-Oblique     "XL2encoding ReEncodeFont" <xl2.enc
phvrn8z  Helvetica-Narrow             "XL2encoding ReEncodeFont" <xl2.enc

%  New Century Schoolbook
pncb8g   NewCenturySchlbk-Bold       "groffencoding ReEncodeFont" <groff.enc
pncbi8g  NewCenturySchlbk-BoldItalic "groffencoding ReEncodeFont" <groff.enc
pncr8g   NewCenturySchlbk-Roman      "groffencoding ReEncodeFont" <groff.enc
pncri8g  NewCenturySchlbk-Italic     "groffencoding ReEncodeFont" <groff.enc
%
pncb8r NewCenturySchlbk-Bold "TeXBase1Encoding ReEncodeFont" <8r.enc
pncbi8r NewCenturySchlbk-BoldItalic "TeXBase1Encoding ReEncodeFont" <8r.enc
pncbo8r NewCenturySchlbk-Bold ".167 SlantFont TeXBase1Encoding ReEncodeFont" <8r.enc
pncr8r NewCenturySchlbk-Roman "TeXBase1Encoding ReEncodeFont" <8r.enc
pncri8r NewCenturySchlbk-Italic "TeXBase1Encoding ReEncodeFont" <8r.enc
pncro8r NewCenturySchlbk-Roman ".167 SlantFont TeXBase1Encoding ReEncodeFont" <8r.enc
%
pncb8y NewCenturySchlbk-Bold "TeXnANSIEncoding ReEncodeFont" <texnansi.enc 
pncbi8y NewCenturySchlbk-BoldItalic "TeXnANSIEncoding ReEncodeFont" <texnansi.enc 
pncr8y NewCenturySchlbk-Roman "TeXnANSIEncoding ReEncodeFont" <texnansi.enc 
pncri8y NewCenturySchlbk-Italic "TeXnANSIEncoding ReEncodeFont" <texnansi.enc 
pncbo8y NewCenturySchlbk-Bold ".167 SlantFont TeXnANSIEncoding ReEncodeFont" <texnansi.enc
pncro8y NewCenturySchlbk-Roman ".167 SlantFont TeXnANSIEncoding ReEncodeFont" <texnansi.enc
%
pncb8z   NewCenturySchlbk-Bold       "XL2encoding ReEncodeFont" <xl2.enc
pncbi8z  NewCenturySchlbk-BoldItalic "XL2encoding ReEncodeFont" <xl2.enc
pncri8z  NewCenturySchlbk-Italic     "XL2encoding ReEncodeFont" <xl2.enc
pncr8z   NewCenturySchlbk-Roman      "XL2encoding ReEncodeFont" <xl2.enc

%  Palatino
pplb8g    Palatino-Bold       "groffencoding ReEncodeFont" <groff.enc
pplbi8g   Palatino-BoldItalic "groffencoding ReEncodeFont" <groff.enc
pplr8g    Palatino-Roman      "groffencoding ReEncodeFont" <groff.enc
pplri8g   Palatino-Italic     "groffencoding ReEncodeFont" <groff.enc
%
pplb8r Palatino-Bold "TeXBase1Encoding ReEncodeFont" <8r.enc
pplbi8r Palatino-BoldItalic "TeXBase1Encoding ReEncodeFont" <8r.enc
pplbo8r Palatino-Bold ".167 SlantFont TeXBase1Encoding ReEncodeFont" <8r.enc
pplbu8r Palatino-BoldItalic "-.1763 SlantFont TeXBase1Encoding ReEncodeFont" <8r.enc
pplr8r Palatino-Roman "TeXBase1Encoding ReEncodeFont" <8r.enc
pplr8rn Palatino-Roman ".82 ExtendFont TeXBase1Encoding ReEncodeFont" <8r.enc
pplri8r Palatino-Italic "TeXBase1Encoding ReEncodeFont" <8r.enc
pplro8r Palatino-Roman ".167 SlantFont TeXBase1Encoding ReEncodeFont" <8r.enc
pplrr8re Palatino-Roman "1.2 ExtendFont TeXBase1Encoding ReEncodeFont" <8r.enc
pplru8r Palatino-Italic "-.1763 SlantFont TeXBase1Encoding ReEncodeFont" <8r.enc
%
pplb8y Palatino-Bold "TeXnANSIEncoding ReEncodeFont" <texnansi.enc 
pplbi8y Palatino-BoldItalic "TeXnANSIEncoding ReEncodeFont" <texnansi.enc 
pplr8y Palatino-Roman "TeXnANSIEncoding ReEncodeFont" <texnansi.enc 
pplri8y Palatino-Italic "TeXnANSIEncoding ReEncodeFont" <texnansi.enc 
pplbo8y Palatino-Bold ".167 SlantFont TeXnANSIEncoding ReEncodeFont" <texnansi.enc
pplro8y Palatino-Roman ".167 SlantFont TeXnANSIEncoding ReEncodeFont" <texnansi.enc
pplbu8y Palatino-BoldItalic "-.1763 SlantFont TeXnANSIEncoding ReEncodeFont" <texnansi.enc
pplru8y Palatino-Italic "-.1763 SlantFont TeXnANSIEncoding ReEncodeFont" <texnansi.enc
pplr8yn Palatino-Roman ".82 ExtendFont TeXnANSIEncoding ReEncodeFont" <texnansi.enc
pplrr8ye Palatino-Roman "1.2 ExtendFont TeXnANSIEncoding ReEncodeFont" <texnansi.enc
%
pplbi8z   Palatino-BoldItalic "XL2encoding ReEncodeFont" <xl2.enc
pplri8z   Palatino-Italic     "XL2encoding ReEncodeFont" <xl2.enc
pplr8z    Palatino-Roman      "XL2encoding ReEncodeFont" <xl2.enc
pplb8z    Palatino-Bold       "XL2encoding ReEncodeFont" <xl2.enc

%  Symbol
psyr   Symbol
psyrgo Symbol
sy     Symbol
psyro  Symbol ".167 SlantFont"

%  Times
ptmb8g   Times-Bold       "groffencoding ReEncodeFont" <groff.enc
ptmbi8g  Times-BoldItalic "groffencoding ReEncodeFont" <groff.enc
ptmr8g   Times-Roman      "groffencoding ReEncodeFont" <groff.enc
ptmri8g  Times-Italic     "groffencoding ReEncodeFont" <groff.enc
%
ptmb8r Times-Bold "TeXBase1Encoding ReEncodeFont" <8r.enc
ptmbi8r Times-BoldItalic "TeXBase1Encoding ReEncodeFont" <8r.enc
ptmbo8r Times-Bold ".167 SlantFont TeXBase1Encoding ReEncodeFont" <8r.enc
ptmr8r Times-Roman "TeXBase1Encoding ReEncodeFont" <8r.enc
ptmr8rn Times-Roman ".82 ExtendFont TeXBase1Encoding ReEncodeFont" <8r.enc
ptmri8r Times-Italic "TeXBase1Encoding ReEncodeFont" <8r.enc
ptmro8r Times-Roman ".167 SlantFont TeXBase1Encoding ReEncodeFont" <8r.enc
ptmrr8re Times-Roman "1.2 ExtendFont TeXBase1Encoding ReEncodeFont" <8r.enc
%
ptmb8y Times-Bold "TeXnANSIEncoding ReEncodeFont" <texnansi.enc 
ptmbi8y Times-BoldItalic "TeXnANSIEncoding ReEncodeFont" <texnansi.enc 
ptmbo8y Times-Bold ".167 SlantFont TeXnANSIEncoding ReEncodeFont" <texnansi.enc
ptmr8y Times-Roman "TeXnANSIEncoding ReEncodeFont" <texnansi.enc 
ptmri8y Times-Italic "TeXnANSIEncoding ReEncodeFont" <texnansi.enc 
ptmro8y Times-Roman ".167 SlantFont TeXnANSIEncoding ReEncodeFont" <texnansi.enc
ptmrr8ye Times-Roman "1.2 ExtendFont TeXnANSIEncoding ReEncodeFont" <texnansi.enc
ptmr8yn Times-Roman ".82 ExtendFont TeXnANSIEncoding ReEncodeFont" <texnansi.enc
% ptmrc and ptmbc are constructed with virtual fonts, so no entries here.
%
ptmr8z   Times-Roman      "XL2encoding ReEncodeFont" <xl2.enc
ptmb8z   Times-Bold       "XL2encoding ReEncodeFont" <xl2.enc
ptmbi8z  Times-BoldItalic "XL2encoding ReEncodeFont" <xl2.enc
ptmri8z  Times-Italic     "XL2encoding ReEncodeFont" <xl2.enc
% Y&Y:
tib  Times-Bold       "TeXnANSIEncoding ReEncodeFont" <texnansi.enc
tibi Times-BoldItalic "TeXnANSIEncoding ReEncodeFont" <texnansi.enc
tibo Times-Bold       ".167 SlantFont TeXnANSIEncoding ReEncodeFont" <texnansi.enc
tii  Times-Italic     "TeXnANSIEncoding ReEncodeFont" <texnansi.enc
tio  Times-Roman      ".167 SlantFont TeXnANSIEncoding ReEncodeFont" <texnansi.enc
tir  Times-Roman      "TeXnANSIEncoding ReEncodeFont" <texnansi.enc

%  Zapf
pzcmi8r ZapfChancery-MediumItalic "TeXBase1Encoding ReEncodeFont" <8r.enc
pzcmi8y ZapfChancery-MediumItalic "TeXnANSIEncoding ReEncodeFont" <texnansi.enc
pzcmi8z ZapfChancery-MediumItalic "XL2encoding ReEncodeFont"      <xl2.enc
%
pzdr ZapfDingbats
zd   ZapfDingbats
zpzdr-reversed ZapfDingbats
%
% raw
rpagd AvantGarde-Demi
rpagdo AvantGarde-DemiOblique
rpagk AvantGarde-Book
rpagko AvantGarde-BookOblique
rpbkd Bookman-Demi
rpbkdi Bookman-DemiItalic
rpbkl Bookman-Light
rpbkli Bookman-LightItalic
rpcrb Courier-Bold
rpcrbo Courier-BoldOblique
rpcrr Courier
rpcrro Courier-Oblique
rphvb Helvetica-Bold
rphvbo Helvetica-BoldOblique
rphvbon Helvetica-BoldOblique ".82 ExtendFont"
rphvbrn Helvetica-Bold ".82 ExtendFont"
rphvr Helvetica
rphvro Helvetica-Oblique
rphvron Helvetica-Oblique ".82 ExtendFont"
rphvrrn Helvetica ".82 ExtendFont"
rpncb NewCenturySchlbk-Bold
rpncbi NewCenturySchlbk-BoldItalic
rpncr NewCenturySchlbk-Roman
rpncri NewCenturySchlbk-Italic
rpplb Palatino-Bold
rpplbi Palatino-BoldItalic
rpplbu Palatino-BoldItalic "-.1763 SlantFont"
rpplr Palatino-Roman
rpplri Palatino-Italic
rpplro Palatino-Roman ".167 SlantFont"
rpplrre Palatino-Roman "1.2 ExtendFont"
rpplrrn Palatino-Roman ".82 ExtendFont"
rpplru Palatino-Italic "-.1763 SlantFont"
rpsyr Symbol
rpsyro Symbol ".167 SlantFont"
rptmb Times-Bold
rptmbi Times-BoldItalic
rptmbo Times-Bold ".167 SlantFont"
rptmr Times-Roman
rptmri Times-Italic
rptmro Times-Roman ".167 SlantFont"
rptmrre Times-Roman "1.2 ExtendFont"
rptmrrn Times-Roman ".82 ExtendFont"
rpxpplb Palatino-Bold "TeXBase1Encoding ReEncodeFont" <8r.enc
rpxpplbi Palatino-BoldItalic "TeXBase1Encoding ReEncodeFont" <8r.enc
rpxpplbo Palatino-Bold ".167 SlantFont TeXBase1Encoding ReEncodeFont" <8r.enc
rpxpplr Palatino-Roman "TeXBase1Encoding ReEncodeFont" <8r.enc
rpxpplri Palatino-Italic "TeXBase1Encoding ReEncodeFont" <8r.enc
rpxpplro Palatino-Roman ".167 SlantFont TeXBase1Encoding ReEncodeFont" <8r.enc
rpzcmi ZapfChancery-MediumItalic
rpzdr ZapfDingbats
rtxphvb Helvetica-Bold "TeXBase1Encoding ReEncodeFont" <8r.enc
rtxphvbo Helvetica-Bold ".167 SlantFont TeXBase1Encoding ReEncodeFont" <8r.enc
rtxphvr Helvetica "TeXBase1Encoding ReEncodeFont" <8r.enc
rtxphvro Helvetica ".167 SlantFont TeXBase1Encoding ReEncodeFont" <8r.enc
rtxptmb Times-Bold "TeXBase1Encoding ReEncodeFont" <8r.enc
rtxptmbi Times-BoldItalic "TeXBase1Encoding ReEncodeFont" <8r.enc
rtxptmbo Times-Bold ".167 SlantFont TeXBase1Encoding ReEncodeFont" <8r.enc
rtxptmr Times-Roman "TeXBase1Encoding ReEncodeFont" <8r.enc
rtxptmri Times-Italic "TeXBase1Encoding ReEncodeFont" <8r.enc
rtxptmro Times-Roman ".167 SlantFont TeXBase1Encoding ReEncodeFont" <8r.enc
tmbi108r Times-BoldItalic "TeXBase1Encoding ReEncodeFont" <8r.enc 
tmbo108r Times-Bold ".167 SlantFont TeXBase1Encoding ReEncodeFont" <8r.enc 
tmbu108r Times-BoldItalic "-.277 SlantFont TeXBase1Encoding ReEncodeFont" <8r.enc 
tmrb108r Times-Bold "TeXBase1Encoding ReEncodeFont" <8r.enc 
tmri108r Times-Italic "TeXBase1Encoding ReEncodeFont" <8r.enc 
tmrm108r Times-Roman "TeXBase1Encoding ReEncodeFont" <8r.enc 
tmro108r Times-Roman ".167 SlantFont TeXBase1Encoding ReEncodeFont" <8r.enc 
tmui108r Times-Italic "-.277 SlantFont TeXBase1Encoding ReEncodeFont" <8r.enc 
