% $Id: dvipdfm35.map 31860 2013-10-08 00:30:10Z karl $
% Thomas Esser, 2002, public domain.
% Purpose: LW35 fonts with dvipdfm specifics (no download when transforming).
% Use Adobe names for the 14 base PDF fonts, URW (and download) otherwise.
% This file is used by updmap to generate dvipdfm_ndl14.map.

%  Avant Garde
pagd8g   URWGothicL-Demi     "groffencoding ReEncodeFont" <groff.enc <uagd8a.pfb
pagdo8g  URWGothicL-DemiObli "groffencoding ReEncodeFont" <groff.enc <uagdo8a.pfb
pagk8g   URWGothicL-Book     "groffencoding ReEncodeFont" <groff.enc <uagk8a.pfb
pagko8g  URWGothicL-BookObli "groffencoding ReEncodeFont" <groff.enc <uagko8a.pfb
%
pagd8r URWGothicL-Demi "TeXBase1Encoding ReEncodeFont" <8r.enc <uagd8a.pfb
pagdo8r URWGothicL-DemiObli "TeXBase1Encoding ReEncodeFont" <8r.enc <uagdo8a.pfb
pagk8r URWGothicL-Book "TeXBase1Encoding ReEncodeFont" <8r.enc <uagk8a.pfb
pagko8r URWGothicL-BookObli "TeXBase1Encoding ReEncodeFont" <8r.enc <uagko8a.pfb
%
pagd8y URWGothicL-Demi "TeXnANSIEncoding ReEncodeFont" <texnansi.enc <uagd8a.pfb
pagdo8y URWGothicL-DemiObli "TeXnANSIEncoding ReEncodeFont" <texnansi.enc <uagdo8a.pfb
pagk8y URWGothicL-Book "TeXnANSIEncoding ReEncodeFont" <texnansi.enc <uagk8a.pfb
pagko8y URWGothicL-BookObli "TeXnANSIEncoding ReEncodeFont" <texnansi.enc <uagko8a.pfb
%
pagk8z   URWGothicL-Book     "XL2encoding ReEncodeFont" <xl2.enc <uagk8a.pfb
pagko8z  URWGothicL-BookObli "XL2encoding ReEncodeFont" <xl2.enc <uagko8a.pfb
pagd8z   URWGothicL-Demi     "XL2encoding ReEncodeFont" <xl2.enc <uagd8a.pfb
pagdo8z  URWGothicL-DemiObli "XL2encoding ReEncodeFont" <xl2.enc <uagdo8a.pfb

%  Bookman
pbkd8g  URWBookmanL-DemiBold     "groffencoding ReEncodeFont" <groff.enc <ubkd8a.pfb
pbkdi8g URWBookmanL-DemiBoldItal "groffencoding ReEncodeFont" <groff.enc <ubkdi8a.pfb
pbkl8g  URWBookmanL-Ligh         "groffencoding ReEncodeFont" <groff.enc <ubkl8a.pfb
pbkli8g URWBookmanL-LighItal     "groffencoding ReEncodeFont" <groff.enc <ubkli8a.pfb
%
pbkd8r  URWBookmanL-DemiBold "TeXBase1Encoding ReEncodeFont" <8r.enc <ubkd8a.pfb
pbkdi8r URWBookmanL-DemiBoldItal "TeXBase1Encoding ReEncodeFont" <8r.enc <ubkdi8a.pfb
pbkdo8r URWBookmanL-DemiBold ".167 SlantFont TeXBase1Encoding ReEncodeFont" <8r.enc <ubkd8a.pfb
pbkl8r  URWBookmanL-Ligh "TeXBase1Encoding ReEncodeFont" <8r.enc <ubkl8a.pfb
pbkli8r URWBookmanL-LighItal "TeXBase1Encoding ReEncodeFont" <8r.enc <ubkli8a.pfb
pbklo8r URWBookmanL-Ligh ".167 SlantFont TeXBase1Encoding ReEncodeFont" <8r.enc <ubkl8a.pfb
%
pbkd8y  URWBookmanL-DemiBold     "TeXnANSIEncoding ReEncodeFont" <texnansi.enc <ubkd8a.pfb
pbkdi8y URWBookmanL-DemiBoldItal "TeXnANSIEncoding ReEncodeFont" <texnansi.enc <ubkdi8a.pfb
pbkdo8y URWBookmanL-DemiBold     ".167 SlantFont TeXnANSIEncoding ReEncodeFont" <texnansi.enc <ubkd8a.pfb
pbkl8y  URWBookmanL-Ligh         "TeXnANSIEncoding ReEncodeFont" <texnansi.enc <ubkl8a.pfb
pbkli8y URWBookmanL-LighItal     "TeXnANSIEncoding ReEncodeFont" <texnansi.enc <ubkli8a.pfb
pbklo8y URWBookmanL-Ligh         ".167 SlantFont TeXnANSIEncoding ReEncodeFont" <texnansi.enc <ubkl8a.pfb
%
pbkd8z  URWBookmanL-DemiBold     "XL2encoding ReEncodeFont" <xl2.enc <ubkd8a.pfb
pbkdi8z URWBookmanL-DemiBoldItal "XL2encoding ReEncodeFont" <xl2.enc <ubkdi8a.pfb
pbkl8z  URWBookmanL-Ligh         "XL2encoding ReEncodeFont" <xl2.enc <ubkl8a.pfb
pbkli8z URWBookmanL-LighItal     "XL2encoding ReEncodeFont" <xl2.enc <ubkli8a.pfb

%  Courier
pcrb8g    Courier-Bold        "groffencoding ReEncodeFont" <groff.enc
pcrbo8g   Courier-BoldOblique "groffencoding ReEncodeFont" <groff.enc
pcrr8g    Courier             "groffencoding ReEncodeFont" <groff.enc
pcrro8g   Courier-Oblique     "groffencoding ReEncodeFont" <groff.enc
%
pcrb8r Courier-Bold "TeXBase1Encoding ReEncodeFont" <8r.enc
pcrbo8r Courier-BoldOblique "TeXBase1Encoding ReEncodeFont" <8r.enc
pcrr8r Courier "TeXBase1Encoding ReEncodeFont" <8r.enc
pcrr8rn Courier ".85 ExtendFont TeXBase1Encoding ReEncodeFont" <8r.enc
pcrro8r Courier-Oblique "TeXBase1Encoding ReEncodeFont" <8r.enc
%
pcrb8y Courier-Bold "TeXnANSIEncoding ReEncodeFont" <texnansi.enc
pcrbo8y Courier-BoldOblique "TeXnANSIEncoding ReEncodeFont" <texnansi.enc
pcrr8y Courier "TeXnANSIEncoding ReEncodeFont" <texnansi.enc
pcrro8y Courier-Oblique "TeXnANSIEncoding ReEncodeFont" <texnansi.enc
%
pcrb8u    Courier-Bold        "XT2encoding ReEncodeFont" <xt2.enc
pcrbo8u   Courier-BoldOblique "XT2encoding ReEncodeFont" <xt2.enc
pcrro8u   Courier-Oblique     "XT2encoding ReEncodeFont" <xt2.enc
pcrr8u    Courier             "XT2encoding ReEncodeFont" <xt2.enc
% Y&Y:
cob       Courier-Bold        "TeXnANSIEncoding ReEncodeFont" <texnansi.enc
cobo      Courier-BoldOblique "TeXnANSIEncoding ReEncodeFont" <texnansi.enc
com       Courier             "TeXnANSIEncoding ReEncodeFont" <texnansi.enc
coo       Courier-Oblique     "TeXnANSIEncoding ReEncodeFont" <texnansi.enc

%  Helvetica
phvb8g   Helvetica-Bold        "groffencoding ReEncodeFont" <groff.enc
phvbo8g  Helvetica-BoldOblique "groffencoding ReEncodeFont" <groff.enc
phvr8g   Helvetica             "groffencoding ReEncodeFont" <groff.enc
phvro8g  Helvetica-Oblique     "groffencoding ReEncodeFont" <groff.enc
%
phvb8r Helvetica-Bold "TeXBase1Encoding ReEncodeFont" <8r.enc
phvbo8r Helvetica-BoldOblique "TeXBase1Encoding ReEncodeFont" <8r.enc
phvr8r Helvetica "TeXBase1Encoding ReEncodeFont" <8r.enc
phvro8r Helvetica-Oblique "TeXBase1Encoding ReEncodeFont" <8r.enc
%
phvb8y Helvetica-Bold "TeXnANSIEncoding ReEncodeFont" <texnansi.enc
phvbo8y Helvetica-BoldOblique "TeXnANSIEncoding ReEncodeFont" <texnansi.enc
phvr8y Helvetica "TeXnANSIEncoding ReEncodeFont" <texnansi.enc
phvro8y Helvetica-Oblique "TeXnANSIEncoding ReEncodeFont" <texnansi.enc
%
phvb8z   Helvetica-Bold        "XL2encoding ReEncodeFont" <xl2.enc
phvbo8z  Helvetica-BoldOblique "XL2encoding ReEncodeFont" <xl2.enc
phvr8z   Helvetica             "XL2encoding ReEncodeFont" <xl2.enc
phvro8z  Helvetica-Oblique     "XL2encoding ReEncodeFont" <xl2.enc
% Y&Y:
hv       Helvetica             "TeXnANSIEncoding ReEncodeFont" <texnansi.enc
hvb      Helvetica-Bold        "TeXnANSIEncoding ReEncodeFont" <texnansi.enc
hvbo     Helvetica-BoldOblique "TeXnANSIEncoding ReEncodeFont" <texnansi.enc
hvo      Helvetica-Oblique     "TeXnANSIEncoding ReEncodeFont" <texnansi.enc

%  Helvetica Narrow
phvbn8g  NimbusSanL-BoldCond     "groffencoding ReEncodeFont" <groff.enc <uhvb8ac.pfb
phvbon8g NimbusSanL-BoldCondItal "groffencoding ReEncodeFont" <groff.enc <uhvbo8ac.pfb
phvrn8g  NimbusSanL-ReguCond     "groffencoding ReEncodeFont" <groff.enc <uhvr8ac.pfb
phvron8g NimbusSanL-ReguCondItal "groffencoding ReEncodeFont" <groff.enc <uhvro8ac.pfb
%
phvb8rn  NimbusSanL-BoldCond     "TeXBase1Encoding ReEncodeFont" <8r.enc <uhvb8ac.pfb
phvbo8rn NimbusSanL-BoldCondItal "TeXBase1Encoding ReEncodeFont" <8r.enc <uhvbo8ac.pfb
phvr8rn  NimbusSanL-ReguCond     "TeXBase1Encoding ReEncodeFont" <8r.enc <uhvr8ac.pfb
phvro8rn NimbusSanL-ReguCondItal "TeXBase1Encoding ReEncodeFont" <8r.enc <uhvro8ac.pfb
%
phvb8yn  NimbusSanL-BoldCond     "TeXnANSIEncoding ReEncodeFont" <texnansi.enc <uhvb8ac.pfb
phvbo8yn NimbusSanL-BoldCondItal "TeXnANSIEncoding ReEncodeFont" <texnansi.enc <uhvbo8ac.pfb
phvr8yn  NimbusSanL-ReguCond     "TeXnANSIEncoding ReEncodeFont" <texnansi.enc <uhvr8ac.pfb
phvro8yn NimbusSanL-ReguCondItal "TeXnANSIEncoding ReEncodeFont" <texnansi.enc <uhvro8ac.pfb
%
phvbn8z  NimbusSanL-BoldCond     "XL2encoding ReEncodeFont" <xl2.enc <uhvb8ac.pfb
phvbon8z NimbusSanL-BoldCondItal "XL2encoding ReEncodeFont" <xl2.enc <uhvbo8ac.pfb
phvrn8z  NimbusSanL-ReguCond     "XL2encoding ReEncodeFont" <xl2.enc <uhvr8ac.pfb
phvron8z NimbusSanL-ReguCondItal "XL2encoding ReEncodeFont" <xl2.enc <uhvro8ac.pfb

%  New Century Schoolbook
pncb8g  CenturySchL-Bold     "groffencoding ReEncodeFont" <groff.enc <uncb8a.pfb
pncbi8g CenturySchL-BoldItal "groffencoding ReEncodeFont" <groff.enc <uncbi8a.pfb
pncr8g  CenturySchL-Ital     "groffencoding ReEncodeFont" <groff.enc <uncr8a.pfb
pncri8g CenturySchL-Roma     "groffencoding ReEncodeFont" <groff.enc <uncri8a.pfb
%
pncb8r  CenturySchL-Bold     "TeXBase1Encoding ReEncodeFont" <8r.enc <uncb8a.pfb
pncbi8r CenturySchL-BoldItal "TeXBase1Encoding ReEncodeFont" <8r.enc <uncbi8a.pfb
pncbo8r CenturySchL-Bold     ".167 SlantFont TeXBase1Encoding ReEncodeFont" <8r.enc <uncb8a.pfb
pncr8r  CenturySchL-Roma     "TeXBase1Encoding ReEncodeFont" <8r.enc <uncr8a.pfb
pncri8r CenturySchL-Ital     "TeXBase1Encoding ReEncodeFont" <8r.enc <uncri8a.pfb
pncro8r CenturySchL-Roma     ".167 SlantFont TeXBase1Encoding ReEncodeFont" <8r.enc <uncr8a.pfb
%
pncb8y CenturySchL-Bold "TeXnANSIEncoding ReEncodeFont" <texnansi.enc <uncb8a.pfb
pncbi8y CenturySchL-BoldItal "TeXnANSIEncoding ReEncodeFont" <texnansi.enc <uncbi8a.pfb
pncbo8y CenturySchL-Bold ".167 SlantFont TeXnANSIEncoding ReEncodeFont" <texnansi.enc <uncb8a.pfb
pncr8y CenturySchL-Roma "TeXnANSIEncoding ReEncodeFont" <texnansi.enc <uncr8a.pfb
pncri8y CenturySchL-Ital "TeXnANSIEncoding ReEncodeFont" <texnansi.enc <uncri8a.pfb
pncro8y CenturySchL-Roma ".167 SlantFont TeXnANSIEncoding ReEncodeFont" <texnansi.enc <uncr8a.pfb
%
pncb8z  CenturySchL-Bold     "XL2encoding ReEncodeFont" <xl2.enc <uncb8a.pfb
pncbi8z CenturySchL-BoldItal "XL2encoding ReEncodeFont" <xl2.enc <uncbi8a.pfb
pncri8z CenturySchL-Roma     "XL2encoding ReEncodeFont" <xl2.enc <uncri8a.pfb
pncr8z  CenturySchL-Ital     "XL2encoding ReEncodeFont" <xl2.enc <uncr8a.pfb

%  Palatino
pplb8g  URWPalladioL-Bold     "groffencoding ReEncodeFont" <groff.enc <uplb8a.pfb
pplbi8g URWPalladioL-BoldItal "groffencoding ReEncodeFont" <groff.enc <uplbi8a.pfb
pplr8g  URWPalladioL-Roma     "groffencoding ReEncodeFont" <groff.enc <uplr8a.pfb
pplri8g URWPalladioL-Ital     "groffencoding ReEncodeFont" <groff.enc <uplri8a.pfb
%
pplb8r   URWPalladioL-Bold     "TeXBase1Encoding ReEncodeFont" <8r.enc <uplb8a.pfb
pplbi8r  URWPalladioL-BoldItal "TeXBase1Encoding ReEncodeFont" <8r.enc <uplbi8a.pfb
pplbu8r  URWPalladioL-BoldItal "-.1763 SlantFont TeXBase1Encoding ReEncodeFont" <8r.enc <uplbi8a.pfb
pplr8r   URWPalladioL-Roma     "TeXBase1Encoding ReEncodeFont" <8r.enc <uplr8a.pfb
pplr8rn  URWPalladioL-Roma     ".82 ExtendFont TeXBase1Encoding ReEncodeFont" <8r.enc <uplr8a.pfb
pplri8r  URWPalladioL-Ital     "TeXBase1Encoding ReEncodeFont" <8r.enc <uplri8a.pfb
pplro8r  URWPalladioL-Roma     ".167 SlantFont TeXBase1Encoding ReEncodeFont" <8r.enc <uplr8a.pfb
pplrr8re URWPalladioL-Roma     "1.2 ExtendFont TeXBase1Encoding ReEncodeFont" <8r.enc <uplr8a.pfb
pplru8r  URWPalladioL-Ital     "-.1763 SlantFont TeXBase1Encoding ReEncodeFont" <8r.enc <uplri8a.pfb
%
pplb8y URWPalladioL-Bold "TeXnANSIEncoding ReEncodeFont" <texnansi.enc <uplb8a.pfb
pplbi8y URWPalladioL-BoldItal "TeXnANSIEncoding ReEncodeFont" <texnansi.enc <uplbi8a.pfb
pplbo8y URWPalladioL-Bold ".167 SlantFont TeXnANSIEncoding ReEncodeFont" <texnansi.enc <uplb8a.pfb
pplbu8y URWPalladioL-BoldItal "-.1763 SlantFont TeXnANSIEncoding ReEncodeFont" <texnansi.enc <uplbi8a.pfb
pplr8y URWPalladioL-Roma "TeXnANSIEncoding ReEncodeFont" <texnansi.enc <uplr8a.pfb
pplr8yn URWPalladioL-Roma ".82 ExtendFont TeXnANSIEncoding ReEncodeFont" <texnansi.enc <uplr8a.pfb
pplri8y URWPalladioL-Ital "TeXnANSIEncoding ReEncodeFont" <texnansi.enc <uplri8a.pfb
pplro8y URWPalladioL-Roma ".167 SlantFont TeXnANSIEncoding ReEncodeFont" <texnansi.enc <uplr8a.pfb
pplrr8ye URWPalladioL-Roma "1.2 ExtendFont TeXnANSIEncoding ReEncodeFont" <texnansi.enc <uplr8a.pfb
pplru8y URWPalladioL-Ital "-.1763 SlantFont TeXnANSIEncoding ReEncodeFont" <texnansi.enc <uplri8a.pfb
%
pplb8z   URWPalladioL-Bold     "XL2encoding ReEncodeFont" <xl2.enc <uplb8a.pfb
pplbi8z  URWPalladioL-BoldItal "XL2encoding ReEncodeFont" <xl2.enc <uplbi8a.pfb
pplr8z   URWPalladioL-Roma     "XL2encoding ReEncodeFont" <xl2.enc <uplr8a.pfb
pplri8z  URWPalladioL-Ital     "XL2encoding ReEncodeFont" <xl2.enc <uplri8a.pfb

%  Symbol
psyr   Symbol
psyrgo Symbol
sy     Symbol
psyro  Symbol ".167 SlantFont"

%  Times
ptmb8g   Times-Bold       "groffencoding ReEncodeFont" <groff.enc
ptmbi8g  Times-BoldItalic "groffencoding ReEncodeFont" <groff.enc
ptmr8g   Times-Roman      "groffencoding ReEncodeFont" <groff.enc
ptmri8g  Times-Italic     "groffencoding ReEncodeFont" <groff.enc
%
ptmb8r Times-Bold "TeXBase1Encoding ReEncodeFont" <8r.enc
ptmbi8r Times-BoldItalic "TeXBase1Encoding ReEncodeFont" <8r.enc
ptmbo8r Times-Bold ".167 SlantFont TeXBase1Encoding ReEncodeFont" <8r.enc
ptmr8r Times-Roman "TeXBase1Encoding ReEncodeFont" <8r.enc
ptmr8rn Times-Roman ".82 ExtendFont TeXBase1Encoding ReEncodeFont" <8r.enc
ptmri8r Times-Italic "TeXBase1Encoding ReEncodeFont" <8r.enc
ptmro8r Times-Roman ".167 SlantFont TeXBase1Encoding ReEncodeFont" <8r.enc
ptmrr8re Times-Roman "1.2 ExtendFont TeXBase1Encoding ReEncodeFont" <8r.enc
%
ptmb8y Times-Bold "TeXnANSIEncoding ReEncodeFont" <texnansi.enc
ptmbi8y Times-BoldItalic "TeXnANSIEncoding ReEncodeFont" <texnansi.enc
ptmbo8y Times-Bold ".167 SlantFont TeXnANSIEncoding ReEncodeFont" <texnansi.enc
ptmr8y Times-Roman "TeXnANSIEncoding ReEncodeFont" <texnansi.enc
ptmr8yn Times-Roman ".82 ExtendFont TeXnANSIEncoding ReEncodeFont" <texnansi.enc
ptmri8y Times-Italic "TeXnANSIEncoding ReEncodeFont" <texnansi.enc
ptmro8y Times-Roman ".167 SlantFont TeXnANSIEncoding ReEncodeFont" <texnansi.enc
ptmrr8ye Times-Roman "1.2 ExtendFont TeXnANSIEncoding ReEncodeFont" <texnansi.enc
ptmr8yn Times-Roman ".82 ExtendFont TeXnANSIEncoding ReEncodeFont" <texnansi.enc
%
ptmb8z   Times-Bold       "XL2encoding ReEncodeFont" <xl2.enc
ptmbi8z  Times-BoldItalic "XL2encoding ReEncodeFont" <xl2.enc
ptmr8z   Times-Roman      "XL2encoding ReEncodeFont" <xl2.enc
ptmri8z  Times-Italic     "XL2encoding ReEncodeFont" <xl2.enc
% Y&Y:
tib  Times-Bold       "TeXnANSIEncoding ReEncodeFont" <texnansi.enc
tibi Times-BoldItalic "TeXnANSIEncoding ReEncodeFont" <texnansi.enc
tibo Times-Bold       ".167 SlantFont TeXnANSIEncoding ReEncodeFont" <texnansi.enc
tii  Times-Italic     "TeXnANSIEncoding ReEncodeFont" <texnansi.enc
tio  Times-Roman      ".167 SlantFont TeXnANSIEncoding ReEncodeFont" <texnansi.enc
tir  Times-Roman      "TeXnANSIEncoding ReEncodeFont" <texnansi.enc

%  Zapf
pzcmi8g URWChanceryL-MediItal "groffEncoding ReEncodeFont"    <groff.enc <uzcmi8a.pfb
pzcmi8r URWChanceryL-MediItal "TeXBase1Encoding ReEncodeFont" <8r.enc <uzcmi8a.pfb
pzcmi8y URWChanceryL-MediItal "TeXnANSIEncoding ReEncodeFont" <texnansi.enc <uzcmi8a.pfb
pzcmi8z URWChanceryL-MediItal "XL2encoding ReEncodeFont"      <xl2.enc <uzcmi8a.pfb
%
pzdr ZapfDingbats
zd   ZapfDingbats
zpzdr-reversed ZapfDingbats
%
% raw
rpagd URWGothicL-Demi "StandardEncoding ReEncodeFont" <8a.enc <uagd8a.pfb
rpagdo URWGothicL-DemiObli "StandardEncoding ReEncodeFont" <8a.enc <uagdo8a.pfb
rpagk URWGothicL-Book "StandardEncoding ReEncodeFont" <8a.enc <uagk8a.pfb
rpagko URWGothicL-BookObli "StandardEncoding ReEncodeFont" <8a.enc <uagko8a.pfb
rpbkd URWBookmanL-DemiBold "StandardEncoding ReEncodeFont" <8a.enc <ubkd8a.pfb
rpbkdi URWBookmanL-DemiBoldItal "StandardEncoding ReEncodeFont" <8a.enc <ubkdi8a.pfb
rpbkl URWBookmanL-Ligh "StandardEncoding ReEncodeFont" <8a.enc <ubkl8a.pfb
rpbkli URWBookmanL-LighItal "StandardEncoding ReEncodeFont" <8a.enc <ubkli8a.pfb
rpcrb Courier-Bold
rpcrbo Courier-BoldOblique
rpcrr Courier
rpcrro Courier-Oblique
rphvb Helvetica-Bold
rphvbo Helvetica-BoldOblique
rphvbon Helvetica-BoldOblique ".82 ExtendFont StandardEncoding ReEncodeFont" <8a.enc
rphvbrn Helvetica-Bold ".82 ExtendFont StandardEncoding ReEncodeFont" <8a.enc
rphvr Helvetica
rphvro Helvetica-Oblique
rphvron Helvetica-Oblique ".82 ExtendFont StandardEncoding ReEncodeFont" <8a.enc
rphvrrn Helvetica ".82 ExtendFont StandardEncoding ReEncodeFont" <8a.enc
rpncb CenturySchL-Bold "StandardEncoding ReEncodeFont" <8a.enc <uncb8a.pfb
rpncbi CenturySchL-BoldItal "StandardEncoding ReEncodeFont" <8a.enc <uncbi8a.pfb
rpncr CenturySchL-Roma "StandardEncoding ReEncodeFont" <8a.enc <uncr8a.pfb
rpncri CenturySchL-Ital "StandardEncoding ReEncodeFont" <8a.enc <uncri8a.pfb
rpplb URWPalladioL-Bold "StandardEncoding ReEncodeFont" <8a.enc <uplb8a.pfb
rpplbi URWPalladioL-BoldItal "StandardEncoding ReEncodeFont" <8a.enc <uplbi8a.pfb
rpplbu URWPalladioL-BoldItal "-.1763 SlantFont StandardEncoding ReEncodeFont" <8a.enc <uplbi8a.pfb
rpplr URWPalladioL-Roma "StandardEncoding ReEncodeFont" <8a.enc <uplr8a.pfb
rpplri URWPalladioL-Ital "StandardEncoding ReEncodeFont" <8a.enc <uplri8a.pfb
rpplro URWPalladioL-Roma ".167 SlantFont StandardEncoding ReEncodeFont" <8a.enc <uplr8a.pfb
rpplrre URWPalladioL-Roma "1.2 ExtendFont StandardEncoding ReEncodeFont" <8a.enc <uplr8a.pfb
rpplrrn URWPalladioL-Roma ".82 ExtendFont StandardEncoding ReEncodeFont" <8a.enc <uplr8a.pfb
rpplru URWPalladioL-Ital "-.1763 SlantFont StandardEncoding ReEncodeFont" <8a.enc <uplri8a.pfb
rpsyr Symbol
rpsyro Symbol ".167 SlantFont"
rptmb Times-Bold
rptmbi Times-BoldItalic
rptmbo Times-Bold ".167 SlantFont StandardEncoding ReEncodeFont" <8a.enc
rptmr Times-Roman
rptmri Times-Italic
rptmro Times-Roman ".167 SlantFont StandardEncoding ReEncodeFont" <8a.enc
rptmrre Times-Roman "1.2 ExtendFont StandardEncoding ReEncodeFont" <8a.enc
rptmrrn Times-Roman ".82 ExtendFont StandardEncoding ReEncodeFont" <8a.enc
rpxpplb URWPalladioL-Bold "TeXBase1Encoding ReEncodeFont" <8r.enc <uplb8a.pfb
rpxpplbi URWPalladioL-BoldItal "TeXBase1Encoding ReEncodeFont" <8r.enc <uplbi8a.pfb
rpxpplbo URWPalladioL-Bold ".167 SlantFont TeXBase1Encoding ReEncodeFont" <8r.enc <uplb8a.pfb
rpxpplr URWPalladioL-Roma "TeXBase1Encoding ReEncodeFont" <8r.enc <uplr8a.pfb
rpxpplri URWPalladioL-Ital "TeXBase1Encoding ReEncodeFont" <8r.enc <uplri8a.pfb
rpxpplro URWPalladioL-Roma ".167 SlantFont TeXBase1Encoding ReEncodeFont" <8r.enc <uplr8a.pfb
rpzcmi URWChanceryL-MediItal "StandardEncoding ReEncodeFont" <8a.enc <uzcmi8a.pfb
rpzdr ZapfDingbats
rtxphvb Helvetica-Bold "TeXBase1Encoding ReEncodeFont" <8r.enc
rtxphvbo Helvetica-Bold ".167 SlantFont TeXBase1Encoding ReEncodeFont" <8r.enc
rtxphvr Helvetica "TeXBase1Encoding ReEncodeFont" <8r.enc
rtxphvro Helvetica ".167 SlantFont TeXBase1Encoding ReEncodeFont" <8r.enc
rtxptmb Times-Bold "TeXBase1Encoding ReEncodeFont" <8r.enc
rtxptmbi Times-BoldItalic "TeXBase1Encoding ReEncodeFont" <8r.enc
rtxptmbo Times-Bold ".167 SlantFont TeXBase1Encoding ReEncodeFont" <8r.enc
rtxptmr Times-Roman "TeXBase1Encoding ReEncodeFont" <8r.enc
rtxptmri Times-Italic "TeXBase1Encoding ReEncodeFont" <8r.enc
rtxptmro Times-Roman ".167 SlantFont TeXBase1Encoding ReEncodeFont" <8r.enc
tmbi108r Times-BoldItalic "TeXBase1Encoding ReEncodeFont" <8r.enc
tmbo108r Times-Bold ".167 SlantFont TeXBase1Encoding ReEncodeFont" <8r.enc
tmbu108r Times-BoldItalic "-.277 SlantFont TeXBase1Encoding ReEncodeFont" <8r.enc
tmrb108r Times-Bold "TeXBase1Encoding ReEncodeFont" <8r.enc
tmri108r Times-Italic "TeXBase1Encoding ReEncodeFont" <8r.enc
tmrm108r Times-Roman "TeXBase1Encoding ReEncodeFont" <8r.enc
tmro108r Times-Roman ".167 SlantFont TeXBase1Encoding ReEncodeFont" <8r.enc
tmui108r Times-Italic "-.277 SlantFont TeXBase1Encoding ReEncodeFont" <8r.enc
