% dvips font map file for the Base35 fonts [PSNFSS 8.1 (WaS)]
%
eurmo10 EURM10 " .167 SlantFont" <eurm10.pfb
eurbo10 EURB10 " .167 SlantFont" <eurb10.pfb
pagd8r AvantGarde-Demi "TeXBase1Encoding ReEncodeFont" <8r.enc
pagdo8r AvantGarde-DemiOblique "TeXBase1Encoding ReEncodeFont" <8r.enc
pagk8r AvantGarde-Book "TeXBase1Encoding ReEncodeFont" <8r.enc
pagko8r AvantGarde-BookOblique "TeXBase1Encoding ReEncodeFont" <8r.enc
pbkd8r Bookman-Demi "TeXBase1Encoding ReEncodeFont" <8r.enc
pbkdi8r Bookman-DemiItalic "TeXBase1Encoding ReEncodeFont" <8r.enc
pbkdo8r Bookman-Demi " .167 SlantFont TeXBase1Encoding ReEncodeFont" <8r.enc
pbkl8r Bookman-Light "TeXBase1Encoding ReEncodeFont" <8r.enc
pbkli8r Bookman-LightItalic "TeXBase1Encoding ReEncodeFont" <8r.enc
pbklo8r Bookman-Light " .167 SlantFont TeXBase1Encoding ReEncodeFont" <8r.enc
pcrb8r Courier-Bold "TeXBase1Encoding ReEncodeFont" <8r.enc
pcrbo8r Courier-BoldOblique "TeXBase1Encoding ReEncodeFont" <8r.enc
pcrr8r Courier "TeXBase1Encoding ReEncodeFont" <8r.enc
pcrro8r Courier-Oblique "TeXBase1Encoding ReEncodeFont" <8r.enc
phvb8r Helvetica-Bold "TeXBase1Encoding ReEncodeFont" <8r.enc
phvb8rn Helvetica-Narrow-Bold "TeXBase1Encoding ReEncodeFont" <8r.enc
phvbo8r Helvetica-BoldOblique "TeXBase1Encoding ReEncodeFont" <8r.enc
phvbo8rn Helvetica-Narrow-BoldOblique "TeXBase1Encoding ReEncodeFont" <8r.enc
phvr8r Helvetica "TeXBase1Encoding ReEncodeFont" <8r.enc
phvr8rn Helvetica-Narrow "TeXBase1Encoding ReEncodeFont" <8r.enc
phvro8r Helvetica-Oblique "TeXBase1Encoding ReEncodeFont" <8r.enc
phvro8rn Helvetica-Narrow-Oblique "TeXBase1Encoding ReEncodeFont" <8r.enc
pncb8r NewCenturySchlbk-Bold "TeXBase1Encoding ReEncodeFont" <8r.enc
pncbi8r NewCenturySchlbk-BoldItalic "TeXBase1Encoding ReEncodeFont" <8r.enc
pncbo8r NewCenturySchlbk-Bold " .167 SlantFont TeXBase1Encoding ReEncodeFont" <8r.enc
pncr8r NewCenturySchlbk-Roman "TeXBase1Encoding ReEncodeFont" <8r.enc
pncri8r NewCenturySchlbk-Italic "TeXBase1Encoding ReEncodeFont" <8r.enc
pncro8r NewCenturySchlbk-Roman " .167 SlantFont TeXBase1Encoding ReEncodeFont" <8r.enc
pplb8r Palatino-Bold "TeXBase1Encoding ReEncodeFont" <8r.enc
pplbi8r Palatino-BoldItalic "TeXBase1Encoding ReEncodeFont" <8r.enc
pplbo8r Palatino-Bold " .167 SlantFont TeXBase1Encoding ReEncodeFont" <8r.enc
pplr8r Palatino-Roman "TeXBase1Encoding ReEncodeFont" <8r.enc
pplri8r Palatino-Italic "TeXBase1Encoding ReEncodeFont" <8r.enc
pplro8r Palatino-Roman " .167 SlantFont TeXBase1Encoding ReEncodeFont" <8r.enc
psyr Symbol
psyro Symbol " .167 SlantFont "
ptmb8r Times-Bold "TeXBase1Encoding ReEncodeFont" <8r.enc
ptmbi8r Times-BoldItalic "TeXBase1Encoding ReEncodeFont" <8r.enc
ptmbo8r Times-Bold " .167 SlantFont TeXBase1Encoding ReEncodeFont" <8r.enc
ptmr8r Times-Roman "TeXBase1Encoding ReEncodeFont" <8r.enc
ptmri8r Times-Italic "TeXBase1Encoding ReEncodeFont" <8r.enc
ptmro8r Times-Roman " .167 SlantFont TeXBase1Encoding ReEncodeFont" <8r.enc
pzcmi8r ZapfChancery-MediumItalic "TeXBase1Encoding ReEncodeFont" <8r.enc
pzdr ZapfDingbats
