%% This file 'cid-x.map' is read by dvipdfmx for default
%% dvipdfmx.cfg setting.  Please append fontmap entries here.
%%
%% FONTMAP: CID-keyed font mapping file for dvipdfmx
%% =================================================
%%
%% Last modified: April 4, 2004
%%
%% FORMAT
%% ------
%%
%% TFMNAME[@SFDNAME@] ENCNAME|CMapNAME [:INDEX:][!]FONTNAME[/CSI][,VARIANT] [OPTIONS]
%%
%%
%% DESCRIPTION
%% -----------
%%
%% 1) TFMNAME[@SFDNAME@]
%%
%%    TFMNAME is a name of TeX fonts in usual if no SFDNAME is attached.
%%    Otherwise, TFMNAME is the basename of TeX fonts, for example,
%%    cyberb@Unicode@ expands to cyberb00 -- cyberbff, where Unicode.sfd
%%    contains subfont definitions with name from 00 to ff.
%%    Moreover, both TFMNAME and SFDNAME do not contain file extensions.
%%
%% 2) ENCNAME|CMapNAME
%%
%%    ENCNAME is the name of an 8-bit encoding file, e.g., 8r.enc.
%%    CMapNAME is the name of a CMap file which is used as a 16-bit
%%    encoding file. In particular, if UCS2 (2-byte Unicode) is used
%%    as a 16-bit encoding, it suffices to set CMapNAME to unicode
%%    even if no corresponding CMap file exists.
%%
%% 3) [:INDEX:][!]FONTNAME[/CSI][,VARIANT]
%%
%%    Font name is specified in the field FONTNAME with or without
%%    extension. The field INDEX is used for TrueType collections (.ttc)
%%    to specify the font index number. The character `!' enables the
%%    no-embedding option. The /CSI option is required for TrueType fonts
%%    when Identity CMap is specified in the ENCNAME. The stylistic variants
%%    (Bold, Italic, BoldItalic) are specified in the filed VARIANT.
%%    See examples below.
%%
%% 4) [OPTIONS]
%%
%%    All options available in the original dvipdfm are also valid here.
%%    The remap option [-r] is simply ignored.

%%
%% Omega Examples
%%

%% Chinese
%% Arphic TrueType fonts as Adobe-{CNS1,GB1} CID-keyed font.
%ombkai UniCNS-UCS2-H bkai00mp
%ombsmi UniCNS-UCS2-H bsmi00lp
%omgkai UniGB-UCS2-H  gkai00mp
%omgbsn UniGB-UCS2-H  gbsn00lp

%% Japanese
%% Adobe-Japan1
omrml  UniJIS-UCS2-H Ryumin-Light
omgbm  UniJIS-UCS2-H GothicBBB-Medium

%% Korean
%omgtm  UniKS-UCS2-H  HYGoThic-Medium
%ombtr  UniKS-UCS2-H  batang

%%
%% ASCII pTeX Examples
%%

%% Ryumin and GothicBBB found in PostScript printers:
rml  H Ryumin-Light
gbm  H GothicBBB-Medium
rmlv V Ryumin-Light
gbmv V GothicBBB-Medium

rml-jis H Ryumin-Light
gbm-jis H GothicBBB-Medium

%% Synthetic font used for futo* family.
%% jun101 not available.
%ryumin-l    H Ryumin-Light
%gtbbb-m     H GothicBBB-Medium
%futomin-b   H Ryumin-Light,Bold
%futogo-b    H GothicBBB-Medium,Bold
%ryumin-l-v  V Ryumin-Light
%gtbbb-m-v   V GothicBBB-Medium
%futomin-b-v V Ryumin-Light,Bold
%futogo-b-v  V GothicBBB-Medium,Bold

%% Morisawa OpenType Basic 7 Family Pack
%%
%ryumin-l     H A-OTF-RyuminPro-Light
%ryumin-l-v   V A-OTF-RyuminPro-Light
%gtbbb-m      H A-OTF-GothicBBBPro-Medium
%gtbbb-m-v    V A-OTF-GothicBBBPro-Medium
%futomin-b    H A-OTF-FutoMinA101Pro-Bold
%futomin-b-v  V A-OTF-FutoMinA101Pro-Bold
%futogo-b     H A-OTF-FutoGoB101Pro-Bold
%futogo-b-v   V A-OTF-FutoGoB101Pro-Bold
%jun101-l     H A-OTF-Jun101Pro-Light
%jun101-l-v   V A-OTF-Jun101Pro-Light

%% MS Mincho/Gothic 
%msmin H msmincho
%msgot H msgothic

%% MS-Mincho with proportional latin and kana:
%msminp H :1:msmincho

%% Hojo-Kanji (JIS X 0212-1990): Adobe-Japan2
%hmin  Hojo-H msmincho
%hminv Hojo-V msmincho

%%
%% CJK-LaTeX/HLaTeX Examples
%%

%% Arphic Public Licence fonts:
%%  AR PL KaitiM, AR PL Mingti2L, AR PL SungtiL

%bsmi@Big5@  ETen-B5-H  bsmi00lp
%bkai@Big5@  ETen-B5-H  bkai00mp
%gbsn@EUC@   GB-EUC-H   gbsn00lp
%gkai@EUC@   GB-EUC-H   gkai00mp
%bsmir@Big5@ ETen-B5-V  bsmi00lp
%bkair@Big5@ ETen-B5-V  bkai00mp
%gbsnr@EUC@  GB-EUC-V   gbsn00lp
%gkair@EUC@  GB-EUC-V   gkai00mp

%% Korean MS-Windows fonts with stylistic variants
%jbtm@UKS@  UniKS-UCS2-H !batang
%jbtmo@UKS@ UniKS-UCS2-H !batang,Italic
%jbtb@UKS@  UniKS-UCS2-H !batang,Bold
%jbtbo@UKS@ UniKS-UCS2-H !batang,BoldItalic

%% Baekmuk fonts (used with HLaTeX package)
%bbtm@KS-HLaTeX@   KSCms-UHC-H  batang
%bbtmo@UKS-HLaTeX@ UniKS-UCS2-H batang -s .167

%% Heisei family of Acrobat Asian Font Packs:
%% Not embedded.
%mincho@UJIS@ UniJIS-UCS2-H HeiseiMin-W3-Acro
%gothic@UJIS@ UniJIS-UCS2-H HeiseiKakuGo-W5-Acro

%% Bitstream Cyberbit
%% Available at:
%%  http://ftp.netscape.com/pub/communicator/extras/fonts/windows/ReadMe.htm

%cyberb@Unicode@ unicode cyberbit
